Test project C:/GitHub/XOPTrader/cpp/build
      Start 150: CompetitorDetectionTest.NoCompetitors_ReturnsZeroSpread
 1/37 Test #150: CompetitorDetectionTest.NoCompetitors_ReturnsZeroSpread .................   Passed    0.01 sec
      Start 151: CompetitorDetectionTest.OwnOffersFiltered
 2/37 Test #151: CompetitorDetectionTest.OwnOffersFiltered ...............................   Passed    0.01 sec
      Start 152: CompetitorDetectionTest.DustOffersFiltered
 3/37 Test #152: CompetitorDetectionTest.DustOffersFiltered ..............................***Failed    0.01 sec
Running main() from C:\GitHub\XOPTrader\cpp\build\_deps\googletest-src\googletest\src\gtest_main.cc
Note: Google Test filter = CompetitorDetectionTest.DustOffersFiltered
[==========] Running 1 test from 1 test suite.
[----------] Global test environment set-up.
[----------] 1 test from CompetitorDetectionTest
[ RUN      ] CompetitorDetectionTest.DustOffersFiltered
[2026-05-22 14:04:17.519] [info] MarketDataFeed constructed: history_capacity=1000, arb_threshold_bps=50.0, stale_threshold=5min
[2026-05-22 14:04:17.519] [info] MarketDataFeed: tracking new pair=XCH/wUSDC
[2026-05-22 14:04:17.519] [info] MarketDataFeed: new competitor(s) detected on pair=XCH/wUSDC, num_offers=3, best_spread=183.4bps
C:\GitHub\XOPTrader\cpp\tests\test_competitor_detection.cpp(148): error: Expected equality of these values:
  2u
    Which is: 2
  count
    Which is: 3

[  FAILED  ] CompetitorDetectionTest.DustOffersFiltered (0 ms)
[----------] 1 test from CompetitorDetectionTest (0 ms total)

[----------] Global test environment tear-down
[==========] 1 test from 1 test suite ran. (0 ms total)
[  PASSED  ] 0 tests.
[  FAILED  ] 1 test, listed below:
[  FAILED  ] CompetitorDetectionTest.DustOffersFiltered

 1 FAILED TEST

      Start 153: CompetitorDetectionTest.BestSpreadCalculation
 4/37 Test #153: CompetitorDetectionTest.BestSpreadCalculation ...........................   Passed    0.01 sec
      Start 154: CompetitorDetectionTest.NewCompetitorDetection
 5/37 Test #154: CompetitorDetectionTest.NewCompetitorDetection ..........................   Passed    0.01 sec
      Start 155: CompetitorDetectionTest.MultiplePairsIndependent
 6/37 Test #155: CompetitorDetectionTest.MultiplePairsIndependent ........................   Passed    0.01 sec
      Start 156: CompetitorDetectionTest.CompetitorDisappears
 7/37 Test #156: CompetitorDetectionTest.CompetitorDisappears ............................   Passed    0.01 sec
      Start 157: CompetitorDetectionTest.TrackingDisabled
 8/37 Test #157: CompetitorDetectionTest.TrackingDisabled ................................   Passed    0.01 sec
      Start 158: CompetitorDetectionTest.DepthCounts
 9/37 Test #158: CompetitorDetectionTest.DepthCounts .....................................   Passed    0.01 sec
      Start 159: CompetitorDetectionTest.SpreadFloorProtection
10/37 Test #159: CompetitorDetectionTest.SpreadFloorProtection ...........................   Passed    0.01 sec
      Start 234: ConfigParserTest.MinimalValidYaml_Parses
11/37 Test #234: ConfigParserTest.MinimalValidYaml_Parses ................................   Passed    0.02 sec
      Start 235: ConfigParserTest.OptionalSections_DefaultCorrectly
12/37 Test #235: ConfigParserTest.OptionalSections_DefaultCorrectly ......................   Passed    0.01 sec
      Start 236: ConfigParserTest.NonexistentFile_Throws
13/37 Test #236: ConfigParserTest.NonexistentFile_Throws .................................   Passed    0.01 sec
      Start 237: ConfigParserTest.EmptyFile_Throws
14/37 Test #237: ConfigParserTest.EmptyFile_Throws .......................................   Passed    0.01 sec
      Start 238: ConfigParserTest.InvalidYaml_Throws
15/37 Test #238: ConfigParserTest.InvalidYaml_Throws .....................................   Passed    0.01 sec
      Start 239: ConfigParserTest.MissingChiaSection_Throws
16/37 Test #239: ConfigParserTest.MissingChiaSection_Throws ..............................   Passed    0.12 sec
      Start 240: ConfigParserTest.StrategyDefaults_AreReasonable
17/37 Test #240: ConfigParserTest.StrategyDefaults_AreReasonable .........................   Passed    0.01 sec
      Start 241: ConfigParserTest.StrategyConfig_TakerFloorAndBlockTimeParsed
18/37 Test #241: ConfigParserTest.StrategyConfig_TakerFloorAndBlockTimeParsed ............   Passed    0.02 sec
      Start 242: ConfigParserTest.RiskDefaults_SoftLeHard
19/37 Test #242: ConfigParserTest.RiskDefaults_SoftLeHard ................................   Passed    0.01 sec
      Start 243: ConfigParserTest.FeeDefaults_MinLeMax
20/37 Test #243: ConfigParserTest.FeeDefaults_MinLeMax ...................................   Passed    0.01 sec
      Start 244: ConfigParserTest.InventoryAgingDefaults_Reasonable
21/37 Test #244: ConfigParserTest.InventoryAgingDefaults_Reasonable ......................   Passed    0.01 sec
      Start 245: ConfigParserTest.ArbitrageDefaults_CrossedBook
22/37 Test #245: ConfigParserTest.ArbitrageDefaults_CrossedBook ..........................   Passed    0.01 sec
      Start 246: ConfigParserTest.ArbitrageSettings_CrossedBookParsed
23/37 Test #246: ConfigParserTest.ArbitrageSettings_CrossedBookParsed ....................   Passed    0.02 sec
      Start 247: ConfigParserTest.ArbitrageSettings_CrossedBookDisabled
24/37 Test #247: ConfigParserTest.ArbitrageSettings_CrossedBookDisabled ..................   Passed    0.02 sec
      Start 248: ConfigParserTest.ArbitrageSettings_MidpointRecyclingParsed
25/37 Test #248: ConfigParserTest.ArbitrageSettings_MidpointRecyclingParsed ..............   Passed    0.02 sec
      Start 249: ConfigParserTest.ArbitrageSettings_MidpointRecyclingZeroSlackRejected
26/37 Test #249: ConfigParserTest.ArbitrageSettings_MidpointRecyclingZeroSlackRejected ...   Passed    0.02 sec
      Start 250: ConfigParserTest.BuyerConfig_ExternalWrappedFileParses
27/37 Test #250: ConfigParserTest.BuyerConfig_ExternalWrappedFileParses ..................   Passed    0.02 sec
      Start 251: ConfigParserTest.BuyerConfig_LegacyPairsFormatStillParses
28/37 Test #251: ConfigParserTest.BuyerConfig_LegacyPairsFormatStillParses ...............   Passed    0.02 sec
      Start 252: ConfigParserTest.BuyerConfig_ZeroSlackRejected
29/37 Test #252: ConfigParserTest.BuyerConfig_ZeroSlackRejected ..........................   Passed    0.02 sec
      Start 253: ConfigParserTest.RecoveryConfig_PairAllowlistParses
30/37 Test #253: ConfigParserTest.RecoveryConfig_PairAllowlistParses .....................   Passed    0.02 sec
      Start 264: GapAwareSpacingTest.NoCompetitors_BaselineSpacing
31/37 Test #264: GapAwareSpacingTest.NoCompetitors_BaselineSpacing .......................   Passed    0.01 sec
      Start 271: LiquidityEdgeTest.SingleTier_AdverseSelectionNoEffect
32/37 Test #271: LiquidityEdgeTest.SingleTier_AdverseSelectionNoEffect ...................   Passed    0.01 sec
      Start 272: LiquidityEdgeTest.ZeroMid_EmptyLadder
33/37 Test #272: LiquidityEdgeTest.ZeroMid_EmptyLadder ...................................   Passed    0.01 sec
      Start 273: LiquidityEdgeTest.GetCompetingOffers_EmptyWhenNone
34/37 Test #273: LiquidityEdgeTest.GetCompetingOffers_EmptyWhenNone ......................   Passed    0.01 sec
      Start 283: MarketAllocatorTest.FewerCompetitorsGetsMoreAllocation
35/37 Test #283: MarketAllocatorTest.FewerCompetitorsGetsMoreAllocation ..................   Passed    0.01 sec
      Start 319: CompetitivenessPid.OutputClampedToConfiguredBounds
36/37 Test #319: CompetitivenessPid.OutputClampedToConfiguredBounds ......................   Passed    0.01 sec
      Start 322: CompetitivenessPid.ReconfigureResetsControllerStateButKeepsEma
37/37 Test #322: CompetitivenessPid.ReconfigureResetsControllerStateButKeepsEma ..........   Passed    0.01 sec

97% tests passed, 1 tests failed out of 37

Total Test time (real) =   0.57 sec

The following tests FAILED:
	152 - CompetitorDetectionTest.DustOffersFiltered (Failed)
ctest : Errors while running CTest
At line:1 char:1
+ ctest --test-dir cpp/build -C Release --output-on-failure -R "[Cc]omp ...
+ ~~~~~~~~~~~~~~~~~~~~~~~~~~~~~~~~~~~~~~~~~~~~~~~~~~~~~~~~~~~~~~~~~~~~~
    + CategoryInfo          : NotSpecified: (Errors while running CTest:String 
   ) [], RemoteException
    + FullyQualifiedErrorId : NativeCommandError
 
